[14:54:58] === GOLF DFS MODEL === 
[14:54:58]   GPP-focused | XGBoost regression on DK points | 5 lineup types 
[14:54:58] 
No cache found — fetching data and training from scratch... 
[14:54:58] 
[1/4] Fetching historical DFS points data... 
[14:54:58] Fetching historical DFS event list... 
[14:54:58]   DFS events to fetch (PGA, DK,  2021 - 2026 ):  247 
[14:55:14]     Fetched  10  /  247  events... 
[14:55:32]     Fetched  20  /  247  events... 
[14:55:49]     Fetched  30  /  247  events... 
[14:56:06]     Fetched  40  /  247  events... 
[14:56:24]     Fetched  50  /  247  events... 
[14:56:41]     Fetched  60  /  247  events... 
[14:56:59]     Fetched  70  /  247  events... 
[14:57:17]     Fetched  80  /  247  events... 
[14:57:34]     Fetched  90  /  247  events... 
[14:57:51]     Fetched  100  /  247  events... 
[14:58:09]     Fetched  110  /  247  events... 
[14:58:26]     Fetched  120  /  247  events... 
[14:58:43]     Fetched  130  /  247  events... 
[14:59:00]     Fetched  140  /  247  events... 
[14:59:17]     Fetched  150  /  247  events... 
[14:59:35]     Fetched  160  /  247  events... 
[14:59:53]     Fetched  170  /  247  events... 
[15:00:10]     Fetched  180  /  247  events... 
[15:00:28]     Fetched  190  /  247  events... 
[15:00:45]     Fetched  200  /  247  events... 
[15:01:01]     Fetched  210  /  247  events... 
[15:01:18]     Fetched  220  /  247  events... 
[15:01:35]     Fetched  230  /  247  events... 
[15:01:53]     Fetched  240  /  247  events... 
[15:02:07]   DFS records:  30629  from  247  events 
[15:02:07]   DFS raw data cached to  golf_picks/dfs_raw_data.rds 
[15:02:07] 
[2/4] Loading SG features from main model cache... 
[15:02:07]   Loaded features for  1079  players 
[15:02:07] 
[3/4] Building training data and training models... 
[15:02:07] Building DFS training dataset... 
[15:02:08]   DFS training rows:  15698 
[15:02:08]   DK pts range:  0.5  -  186 
[15:02:08]   Joined:  7533  rows 
[15:02:08] Training DFS regression models... 
[15:02:08]   Training  expected DK pts  model ( 7533  obs)... 
[15:02:16]   Training  ceiling DK pts  model ( 7533  obs)... 
[15:02:24]   Both models trained 
[15:02:24] 
Caching models... 
[15:02:26] 
Fetching current week data... 
[15:02:26] Fetching current week DFS data... 
[15:02:27]   Slate:  the Memorial Tournament presented by Workday  |  72  players | salary range: $ 6000  - $ 13500 
[15:02:27] 
Applying models... 
[15:02:27]   Blending with DG projections for  72  players (60/40 split) 
[15:02:27] 
Building lineups... 
[15:02:27] Building 5 GPP lineups... 
